
> user-management-system@0.1.0 build
> react-scripts build

node.exe : (node:5256) [DEP0176] 
DeprecationWarning: fs.F_OK is deprecated, 
use fs.constants.F_OK instead
At C:\Program Files\nodejs\npm.ps1:29 char:3
+   & $NODE_EXE $NPM_CLI_JS $args
+   ~~~~~~~~~~~~~~~~~~~~~~~~~~~~~
    + CategoryInfo          : NotSpecified:  
   ((node:5256) [DE...ts.F_OK instead:Strin  
  g) [], RemoteException
    + FullyQualifiedErrorId : NativeCommandE 
   rror
 
(Use `node --trace-deprecation ...` to show 
where the warning was created)
Creating an optimized production build...
Failed to compile.

Error: It looks like you're trying to use `tailwindcss` directly as a PostCSS plugin. The PostCSS plugin has moved to a separate package, so to continue using Tailwind CSS with PostCSS you'll need to install `@tailwindcss/postcss` and update your PostCSS configuration.


